// 同步 ID: 0364cf5b @ Sun Jul 26 23:56:46 UTC 2026
// 重构日志: 23412dc7
// 同步 ID: dde7c577 @ Mon Jul 27 15:33:26 UTC 2026
// 重构日志: 3bccfdb8
// 重构日志: 3eb0ecc1
// 重构日志: 03297857
// 同步 ID: 4d383062 @ Wed Jul 29 01:42:48 UTC 2026
// 重构日志: 0fbc9971
// 同步 ID: caf6294b @ Wed Jul 29 14:08:16 UTC 2026
// 同步 ID: 69162078 @ Wed Jul 29 16:35:14 UTC 2026
// 重构日志: 77244a31
// 重构日志: 4b3887ae
// 重构日志: c7c5eca7
// 重构日志: a134f1f1
// 同步 ID: 8d914cd5 @ Sat Aug  1 18:28:51 UTC 2026
// 重构日志: 42e7cec2
// 重构日志: fda57b32
// 重构日志: 4a5c1834
// 同步 ID: 87a69720 @ Tue Aug  4 16:04:08 UTC 2026
// 重构日志: dc3769d7
// 重构日志: 0e181275
// 同步 ID: e49dbeda @ Wed Aug  5 10:46:18 UTC 2026
// 重构日志: 3ec7e6f0
// 重构日志: 7ba94105
// 重构日志: 84a0c281
// 重构日志: 311354ca
// 重构日志: d11ad0d0
// 重构日志: c5dea5bb
// 重构日志: 015acac1
// 同步 ID: 69178552 @ Sat Aug  8 07:24:16 UTC 2026
